// Jest Snapshot v1, https://goo.gl/fbAQLP

exports[`expect to render CardList component 1`] = `
<div
  className="card-list"
>
  <Card
    key="testMonster1"
    monster={
      Object {
        "email": "monster1@gmail.com",
        "id": "testMonster1",
        "name": "Test Monster 1",
      }
    }
  />
  <Card
    key="testMonster2"
    monster={
      Object {
        "email": "monster2@gmail.com",
        "id": "testMonster2",
        "name": "Test Monster 2",
      }
    }
  />
</div>
`;
